
  .   ____          _            __ _ _
 /\\ / ___'_ __ _ _(_)_ __  __ _ \ \ \ \
( ( )\___ | '_ | '_| | '_ \/ _` | \ \ \ \
 \\/  ___)| |_)| | | | | || (_| |  ) ) ) )
  '  |____| .__|_| |_|_| |_\__, | / / / /
 =========|_|==============|___/=/_/_/_/

 :: Spring Boot ::                (v3.4.4)

2026-06-04T12:38:06.232+05:45  INFO 4860 --- [workflow-backend] [           main] com.workflow.WorkflowApplication         : Starting WorkflowApplication v0.0.1-SNAPSHOT using Java 25.0.2 with PID 4860 (X:\all-in-one\allinone-backend\target\workflow-backend-0.0.1-SNAPSHOT.jar started by Nabin Oli in X:\all-in-one)
2026-06-04T12:38:06.239+05:45  INFO 4860 --- [workflow-backend] [           main] com.workflow.WorkflowApplication         : No active profile set, falling back to 1 default profile: "default"
2026-06-04T12:38:07.144+05:45  INFO 4860 --- [workflow-backend] [           main] .s.d.r.c.RepositoryConfigurationDelegate : Bootstrapping Spring Data JPA repositories in DEFAULT mode.
2026-06-04T12:38:07.236+05:45  INFO 4860 --- [workflow-backend] [           main] .s.d.r.c.RepositoryConfigurationDelegate : Finished Spring Data repository scanning in 78 ms. Found 12 JPA repository interfaces.
2026-06-04T12:38:07.986+05:45  INFO 4860 --- [workflow-backend] [           main] o.s.b.w.embedded.tomcat.TomcatWebServer  : Tomcat initialized with port 8080 (http)
2026-06-04T12:38:08.001+05:45  INFO 4860 --- [workflow-backend] [           main] o.apache.catalina.core.StandardService   : Starting service [Tomcat]
2026-06-04T12:38:08.001+05:45  INFO 4860 --- [workflow-backend] [           main] o.apache.catalina.core.StandardEngine    : Starting Servlet engine: [Apache Tomcat/10.1.39]
2026-06-04T12:38:08.036+05:45  INFO 4860 --- [workflow-backend] [           main] o.a.c.c.C.[Tomcat].[localhost].[/]       : Initializing Spring embedded WebApplicationContext
2026-06-04T12:38:08.037+05:45  INFO 4860 --- [workflow-backend] [           main] w.s.c.ServletWebServerApplicationContext : Root WebApplicationContext: initialization completed in 1749 ms
2026-06-04T12:38:08.203+05:45  INFO 4860 --- [workflow-backend] [           main] o.hibernate.jpa.internal.util.LogHelper  : HHH000204: Processing PersistenceUnitInfo [name: default]
2026-06-04T12:38:08.272+05:45  INFO 4860 --- [workflow-backend] [           main] org.hibernate.Version                    : HHH000412: Hibernate ORM core version 6.6.11.Final
2026-06-04T12:38:08.319+05:45  INFO 4860 --- [workflow-backend] [           main] o.h.c.internal.RegionFactoryInitiator    : HHH000026: Second-level cache disabled
2026-06-04T12:38:08.710+05:45  INFO 4860 --- [workflow-backend] [           main] o.s.o.j.p.SpringPersistenceUnitInfo      : No LoadTimeWeaver setup: ignoring JPA class transformer
2026-06-04T12:38:08.756+05:45  INFO 4860 --- [workflow-backend] [           main] com.zaxxer.hikari.HikariDataSource       : HikariPool-1 - Starting...
2026-06-04T12:38:09.022+05:45  INFO 4860 --- [workflow-backend] [           main] com.zaxxer.hikari.pool.HikariPool        : HikariPool-1 - Added connection org.postgresql.jdbc.PgConnection@2c2a7d53
2026-06-04T12:38:09.026+05:45  INFO 4860 --- [workflow-backend] [           main] com.zaxxer.hikari.HikariDataSource       : HikariPool-1 - Start completed.
2026-06-04T12:38:09.063+05:45  WARN 4860 --- [workflow-backend] [           main] org.hibernate.orm.deprecation            : HHH90000025: PostgreSQLDialect does not need to be specified explicitly using 'hibernate.dialect' (remove the property setting and it will be selected by default)
2026-06-04T12:38:09.078+05:45  INFO 4860 --- [workflow-backend] [           main] org.hibernate.orm.connections.pooling    : HHH10001005: Database info:
	Database JDBC URL [Connecting through datasource 'HikariDataSource (HikariPool-1)']
	Database driver: undefined/unknown
	Database version: 18.3
	Autocommit mode: undefined/unknown
	Isolation level: undefined/unknown
	Minimum pool size: undefined/unknown
	Maximum pool size: undefined/unknown
2026-06-04T12:38:10.306+05:45  INFO 4860 --- [workflow-backend] [           main] o.h.e.t.j.p.i.JtaPlatformInitiator       : HHH000489: No JTA platform available (set 'hibernate.transaction.jta.platform' to enable JTA platform integration)
2026-06-04T12:38:10.369+05:45  INFO 4860 --- [workflow-backend] [           main] j.LocalContainerEntityManagerFactoryBean : Initialized JPA EntityManagerFactory for persistence unit 'default'
