
  .   ____          _            __ _ _
 /\\ / ___'_ __ _ _(_)_ __  __ _ \ \ \ \
( ( )\___ | '_ | '_| | '_ \/ _` | \ \ \ \
 \\/  ___)| |_)| | | | | || (_| |  ) ) ) )
  '  |____| .__|_| |_|_| |_\__, | / / / /
 =========|_|==============|___/=/_/_/_/

 :: Spring Boot ::                (v3.4.4)

2026-06-04T12:01:16.804+05:45  INFO 6872 --- [workflow-backend] [           main] com.workflow.WorkflowApplication         : Starting WorkflowApplication v0.0.1-SNAPSHOT using Java 25.0.2 with PID 6872 (X:\all-in-one\allinone-backend\target\workflow-backend-0.0.1-SNAPSHOT.jar started by Nabin Oli in X:\all-in-one)
2026-06-04T12:01:16.807+05:45  INFO 6872 --- [workflow-backend] [           main] com.workflow.WorkflowApplication         : No active profile set, falling back to 1 default profile: "default"
2026-06-04T12:01:17.981+05:45  INFO 6872 --- [workflow-backend] [           main] .s.d.r.c.RepositoryConfigurationDelegate : Bootstrapping Spring Data JPA repositories in DEFAULT mode.
2026-06-04T12:01:18.088+05:45  INFO 6872 --- [workflow-backend] [           main] .s.d.r.c.RepositoryConfigurationDelegate : Finished Spring Data repository scanning in 91 ms. Found 12 JPA repository interfaces.
2026-06-04T12:01:18.953+05:45  INFO 6872 --- [workflow-backend] [           main] o.s.b.w.embedded.tomcat.TomcatWebServer  : Tomcat initialized with port 8080 (http)
2026-06-04T12:01:18.976+05:45  INFO 6872 --- [workflow-backend] [           main] o.apache.catalina.core.StandardService   : Starting service [Tomcat]
2026-06-04T12:01:18.977+05:45  INFO 6872 --- [workflow-backend] [           main] o.apache.catalina.core.StandardEngine    : Starting Servlet engine: [Apache Tomcat/10.1.39]
2026-06-04T12:01:19.025+05:45  INFO 6872 --- [workflow-backend] [           main] o.a.c.c.C.[Tomcat].[localhost].[/]       : Initializing Spring embedded WebApplicationContext
2026-06-04T12:01:19.026+05:45  INFO 6872 --- [workflow-backend] [           main] w.s.c.ServletWebServerApplicationContext : Root WebApplicationContext: initialization completed in 2164 ms
2026-06-04T12:01:19.270+05:45  INFO 6872 --- [workflow-backend] [           main] o.hibernate.jpa.internal.util.LogHelper  : HHH000204: Processing PersistenceUnitInfo [name: default]
2026-06-04T12:01:19.354+05:45  INFO 6872 --- [workflow-backend] [           main] org.hibernate.Version                    : HHH000412: Hibernate ORM core version 6.6.11.Final
2026-06-04T12:01:19.410+05:45  INFO 6872 --- [workflow-backend] [           main] o.h.c.internal.RegionFactoryInitiator    : HHH000026: Second-level cache disabled
2026-06-04T12:01:19.862+05:45  INFO 6872 --- [workflow-backend] [           main] o.s.o.j.p.SpringPersistenceUnitInfo      : No LoadTimeWeaver setup: ignoring JPA class transformer
2026-06-04T12:01:19.918+05:45  INFO 6872 --- [workflow-backend] [           main] com.zaxxer.hikari.HikariDataSource       : HikariPool-1 - Starting...
2026-06-04T12:01:20.219+05:45  INFO 6872 --- [workflow-backend] [           main] com.zaxxer.hikari.pool.HikariPool        : HikariPool-1 - Added connection org.postgresql.jdbc.PgConnection@58fbcb71
2026-06-04T12:01:20.221+05:45  INFO 6872 --- [workflow-backend] [           main] com.zaxxer.hikari.HikariDataSource       : HikariPool-1 - Start completed.
2026-06-04T12:01:20.267+05:45  WARN 6872 --- [workflow-backend] [           main] org.hibernate.orm.deprecation            : HHH90000025: PostgreSQLDialect does not need to be specified explicitly using 'hibernate.dialect' (remove the property setting and it will be selected by default)
2026-06-04T12:01:20.292+05:45  INFO 6872 --- [workflow-backend] [           main] org.hibernate.orm.connections.pooling    : HHH10001005: Database info:
	Database JDBC URL [Connecting through datasource 'HikariDataSource (HikariPool-1)']
	Database driver: undefined/unknown
	Database version: 18.3
	Autocommit mode: undefined/unknown
	Isolation level: undefined/unknown
	Minimum pool size: undefined/unknown
	Maximum pool size: undefined/unknown
2026-06-04T12:01:22.090+05:45  INFO 6872 --- [workflow-backend] [           main] o.h.e.t.j.p.i.JtaPlatformInitiator       : HHH000489: No JTA platform available (set 'hibernate.transaction.jta.platform' to enable JTA platform integration)
2026-06-04T12:01:22.160+05:45  INFO 6872 --- [workflow-backend] [           main] j.LocalContainerEntityManagerFactoryBean : Initialized JPA EntityManagerFactory for persistence unit 'default'
2026-06-04T12:01:23.105+05:45  INFO 6872 --- [workflow-backend] [           main] eAuthenticationProviderManagerConfigurer : Global AuthenticationManager configured with AuthenticationProvider bean with name authProvider
2026-06-04T12:01:23.106+05:45  WARN 6872 --- [workflow-backend] [           main] r$InitializeUserDetailsManagerConfigurer : Global AuthenticationManager configured with an AuthenticationProvider bean. UserDetailsService beans will not be used by Spring Security for automatically configuring username/password login. Consider removing the AuthenticationProvider bean. Alternatively, consider using the UserDetailsService in a manually instantiated DaoAuthenticationProvider. If the current configuration is intentional, to turn off this warning, increase the logging level of 'org.springframework.security.config.annotation.authentication.configuration.InitializeUserDetailsBeanManagerConfigurer' to ERROR
2026-06-04T12:01:23.560+05:45  WARN 6872 --- [workflow-backend] [           main] JpaBaseConfiguration$JpaWebConfiguration : spring.jpa.open-in-view is enabled by default. Therefore, database queries may be performed during view rendering. Explicitly configure spring.jpa.open-in-view to disable this warning
2026-06-04T12:01:24.564+05:45  INFO 6872 --- [workflow-backend] [           main] o.s.b.w.embedded.tomcat.TomcatWebServer  : Tomcat started on port 8080 (http) with context path '/'
2026-06-04T12:01:24.581+05:45  INFO 6872 --- [workflow-backend] [           main] com.workflow.WorkflowApplication         : Started WorkflowApplication in 8.328 seconds (process running for 8.962)
2026-06-04T12:01:49.619+05:45  INFO 6872 --- [workflow-backend] [nio-8080-exec-1] o.a.c.c.C.[Tomcat].[localhost].[/]       : Initializing Spring DispatcherServlet 'dispatcherServlet'
2026-06-04T12:01:49.619+05:45  INFO 6872 --- [workflow-backend] [nio-8080-exec-1] o.s.web.servlet.DispatcherServlet        : Initializing Servlet 'dispatcherServlet'
2026-06-04T12:01:49.620+05:45  INFO 6872 --- [workflow-backend] [nio-8080-exec-1] o.s.web.servlet.DispatcherServlet        : Completed initialization in 1 ms
